// Jest Snapshot v1, https://goo.gl/fbAQLP

exports[`App renders correctly 1`] = `
<DocumentFragment>
  <div
    class="app"
  >
    <div
      class="navbar"
    >
      <img
        alt="logo"
        class="navbar-logo"
        src="https://mcrcodes.s3.eu-west-2.amazonaws.com/course/surreal-estate/logo.png"
      />
      <ul
        class="navbar-links"
      >
        <li
          class="navbar-links-item"
        >
          <a
            aria-current="page"
            class="item active"
            exact="true"
            href="/"
          >
            View Properties
          </a>
        </li>
        <li
          class="navbar-links-item"
        >
          <a
            class="item"
            href="/add-property"
          >
            Add a Property
          </a>
        </li>
      </ul>
    </div>
    <div
      class="container"
    >
      <div
        class="side-bar"
      >
        <div
          class="side-bar__links"
        >
          <form
            class="search-form"
          >
            <input
              class="search-input"
              type="text"
              value=""
            />
            <button
              class="search-button"
              type="submit"
            >
              Search
            </button>
          </form>
          <a
            href="/"
          >
            Show All
          </a>
          <a
            href="/?query={\\"city\\":\\"Manchester\\"}"
          >
            Manchester
          </a>
          <a
            href="/?query={\\"city\\":\\"Leeds\\"}"
          >
            Leeds
          </a>
          <a
            href="/?query={\\"city\\":\\"Sheffield\\"}"
          >
            Sheffield
          </a>
          <a
            href="/?query={\\"city\\":\\"Liverpool\\"}"
          >
            Liverpool
          </a>
          <a
            href="/?sort={\\"price\\":1}"
          >
            Price Ascending
          </a>
          <a
            href="/?sort={\\"price\\":-1}"
          >
            Price Descending
          </a>
        </div>
      </div>
      <div
        class="properties"
      />
    </div>
  </div>
</DocumentFragment>
`;
