// Jest Snapshot v1, https://goo.gl/fbAQLP

exports[`Properties renders correctly 1`] = `
<DocumentFragment>
  <div
    class="container"
  >
    <div
      class="side-bar"
    >
      <div
        class="side-bar__links"
      >
        <form
          class="search-form"
        >
          <input
            class="search-input"
            type="text"
            value=""
          />
          <button
            class="search-button"
            type="submit"
          >
            Search
          </button>
        </form>
        <a
          href="/"
        >
          Show All
        </a>
        <a
          href="/?query={\\"city\\":\\"Manchester\\"}"
        >
          Manchester
        </a>
        <a
          href="/?query={\\"city\\":\\"Leeds\\"}"
        >
          Leeds
        </a>
        <a
          href="/?query={\\"city\\":\\"Sheffield\\"}"
        >
          Sheffield
        </a>
        <a
          href="/?query={\\"city\\":\\"Liverpool\\"}"
        >
          Liverpool
        </a>
        <a
          href="/?sort={\\"price\\":1}"
        >
          Price Ascending
        </a>
        <a
          href="/?sort={\\"price\\":-1}"
        >
          Price Descending
        </a>
      </div>
    </div>
    <div
      class="properties"
    />
  </div>
</DocumentFragment>
`;
